  console.log
    [dotenv@17.3.1] injecting env (14) from .env -- tip: ­ƒøí´©Å auth for agents: https://vestauth.com

      at _log (node_modules/dotenv/lib/main.js:139:11)

  console.log
    [INDICISION] User test_rec compares products or asks for recommendation.

      at log (src/flows/steps/stepWaitingPreference.js:45:17)

node.exe : FAIL tests/recommendation.test.js
En línea: 1 Carácter: 1
+ & "C:\Program Files\nodejs/node.exe" "C:\Program Files\nodejs/node_mo ...
+ ~~~~~~~~~~~~~~~~~~~~~~~~~~~~~~~~~~~~~~~~~~~~~~~~~~~~~~~~~~~~~~~~~~~~~
    + CategoryInfo          : NotSpecified: (FAIL tests/recommendation.test.js:String) [], RemoteException
    + FullyQualifiedErrorId : NativeCommandError
 
  Product Recommendation Logic
    ├ù Should trigger consultation for "Estoy entre gotas y semillas" (29 ms)
    ÔêÜ Should trigger consultation for "Cual es mejor?" (4 ms)
    ÔêÜ Should select CAPSULAS directly if only capsulas mentioned (4 ms)
    ├ù Should NOT trigger payment FAQ for address with "pampa" (3 ms)

  ÔùÅ Product Recommendation Logic ÔÇ║ Should trigger consultation for "Estoy entre gotas y semillas"

    TypeError: Cannot read properties of undefined (reading 'chat')

    [0m [90m 45 |[39m         console[33m.[39mlog([32m`[INDICISION] User ${userId} compares products or asks for recommendation.`[39m)[33m;[39m
     [90m 46 |[39m
    [31m[1m>[22m[39m[90m 47 |[39m         [36mconst[39m aiRecommendation [33m=[39m [36mawait[39m aiService[33m.[39mchat(text[33m,[39m {
     [90m    |[39m                                                  [31m[1m^[22m[39m
     [90m 48 |[39m             step[33m:[39m [32m'waiting_preference_consultation'[39m[33m,[39m
     [90m 49 |[39m             goal[33m:[39m [32m`El usuario est├í indeciso entre productos, pide recomendaciones, O est├í aceptando una recomendaci├│n previa ("dale", "bueno"). REGLAS 
DE RECOMENDACI├ôN (CR├ìTICO):[39m
     [90m 50 |[39m [32m            1) Si el usuario YA EST├ü ACEPTANDO tu recomendaci├│n previa (ej: "dale", "bueno", "capsulas"), ┬ítu objetivo est├í cumplido! Respond├® con goalMet=true 
y extractedData="C├ípsulas de nuez de la india".[39m[0m

      at chat (src/flows/steps/stepWaitingPreference.js:47:50)
      at Generator.call (src/flows/steps/stepWaitingPreference.js:2:1)
      at Generator._invoke [as next] (src/flows/steps/stepWaitingPreference.js:2:1)
      at asyncGeneratorStep (src/flows/steps/stepWaitingPreference.js:2:1)
      at asyncGeneratorStep (src/flows/steps/stepWaitingPreference.js:2:1)
      at _next (src/flows/steps/stepWaitingPreference.js:2:1)
      at src/flows/steps/stepWaitingPreference.js:2:1
      at apply (src/flows/steps/stepWaitingPreference.js:167:2)
      at apply (src/flows/steps/stepWaitingPreference.js:4:39)
      at handleWaitingPreference (src/flows/steps/index.js:24:28)
      at Generator.call (src/flows/steps/index.js:2:1)
      at Generator._invoke [as next] (src/flows/steps/index.js:2:1)
      at asyncGeneratorStep (src/flows/steps/index.js:2:1)
      at asyncGeneratorStep (src/flows/steps/index.js:2:1)
      at _next (src/flows/steps/index.js:2:1)
      at src/flows/steps/index.js:2:1
      at apply (src/flows/steps/index.js:71:2)
      at apply (src/flows/steps/index.js:12:27)
      at processStep (src/flows/salesFlow.js:80:30)
      at Generator.call (src/flows/salesFlow.js:2:1)
      at Generator._invoke [as next] (src/flows/salesFlow.js:2:1)
      at asyncGeneratorStep (src/flows/salesFlow.js:2:1)
      at asyncGeneratorStep (src/flows/salesFlow.js:2:1)

  ÔùÅ Product Recommendation Logic ÔÇ║ Should NOT trigger payment FAQ for address with "pampa"

    TypeError: Cannot read properties of undefined (reading 'parseAddress')

    [0m [90m 193 |[39m     }
     [90m 194 |[39m
    [31m[1m>[22m[39m[90m 195 |[39m     [36mconst[39m data [33m=[39m [36mawait[39m (dependencies[33m.[39mmockAiService [33m||[39m 
aiService)[33m.[39mparseAddress(textToAnalyze)[33m;[39m
     [90m     |[39m                                                                  [31m[1m^[22m[39m
     [90m 196 |[39m
     [90m 197 |[39m     [36mif[39m (data [33m&&[39m [33m![39mdata[33m.[39m_error) {
     [90m 198 |[39m         [36mlet[39m madeProgress [33m=[39m [36mfalse[39m[33m;[39m[0m

      at parseAddress (src/flows/steps/stepWaitingData.js:195:66)
      at Generator.call (src/flows/steps/stepWaitingData.js:2:1)
      at Generator._invoke [as next] (src/flows/steps/stepWaitingData.js:2:1)
      at asyncGeneratorStep (src/flows/steps/stepWaitingData.js:2:1)
      at asyncGeneratorStep (src/flows/steps/stepWaitingData.js:2:1)
      at _next (src/flows/steps/stepWaitingData.js:2:1)
      at src/flows/steps/stepWaitingData.js:2:1
      at apply (src/flows/steps/stepWaitingData.js:405:2)
      at apply (src/flows/steps/stepWaitingData.js:7:33)
      at handleWaitingData (src/flows/steps/index.js:36:28)
      at Generator.call (src/flows/steps/index.js:2:1)
      at Generator._invoke [as next] (src/flows/steps/index.js:2:1)
      at asyncGeneratorStep (src/flows/steps/index.js:2:1)
      at asyncGeneratorStep (src/flows/steps/index.js:2:1)
      at _next (src/flows/steps/index.js:2:1)
      at src/flows/steps/index.js:2:1
      at apply (src/flows/steps/index.js:12:27)
      at processStep (src/flows/salesFlow.js:80:30)
      at Generator.call (src/flows/salesFlow.js:2:1)
      at Generator._invoke [as next] (src/flows/salesFlow.js:2:1)
      at asyncGeneratorStep (src/flows/salesFlow.js:2:1)
      at asyncGeneratorStep (src/flows/salesFlow.js:2:1)

Test Suites: 1 failed, 1 total
Tests:       2 failed, 2 passed, 4 total
Snapshots:   0 total
Time:        2.437 s, estimated 3 s
Ran all test suites matching tests/recommendation.test.js.
